// Jest Snapshot v1, https://goo.gl/fbAQLP

exports[`injects styles from classNames 1`] = `
"\\"use strict\\";

var Styles = {
  h1: {
    fontSize: 32
  }
};

var X = function X(_ref) {
  var name = _ref.name;
  return /*#__PURE__*/React.createElement(Text, {
    style: [Styles[\\"h1\\"]]
  }, \\"name\\");
};"
`;
